02:41:00 **** Rebuild of configuration Debug for project RK2_ADC_CHANGE_LED_PROPERTIES ****
Info: Internal Builder is used for build
arm-atollic-eabi-gcc -c ..\src\tiny_printf.c -mthumb -mcpu=cortex-m0 -std=gnu11 -DSTM32F051x8 -DHSI48_VALUE=((uint32_t)48000000) -I../src -I../Drivers/CMSIS/Include -I../Drivers/CMSIS/Device/ST/STM32F0xx/Include -I../Drivers/STM32F0xx_HAL_Driver/Inc -O0 -ffunction-sections -fdata-sections -g -fstack-usage -Wall -specs=nano.specs -o src\tiny_printf.o 
arm-atollic-eabi-gcc -c -mthumb -mcpu=cortex-m0 -DSTM32F051x8 -DHSI48_VALUE=((uint32_t)48000000) -I../src -I../Drivers/CMSIS/Include -I../Drivers/CMSIS/Device/ST/STM32F0xx/Include -I../Drivers/STM32F0xx_HAL_Driver/Inc -g -Wa,--warn -x assembler-with-cpp -specs=nano.specs -o src\startup_stm32f051x8.o ..\src\startup_stm32f051x8.s 
arm-atollic-eabi-gcc -c ..\src\main.c -mthumb -mcpu=cortex-m0 -std=gnu11 -DSTM32F051x8 -DHSI48_VALUE=((uint32_t)48000000) -I../src -I../Drivers/CMSIS/Include -I../Drivers/CMSIS/Device/ST/STM32F0xx/Include -I../Drivers/STM32F0xx_HAL_Driver/Inc -O0 -ffunction-sections -fdata-sections -g -fstack-usage -Wall -specs=nano.specs -o src\main.o 
arm-atollic-eabi-gcc -c ..\src\system_stm32f0xx.c -mthumb -mcpu=cortex-m0 -std=gnu11 -DSTM32F051x8 -DHSI48_VALUE=((uint32_t)48000000) -I../src -I../Drivers/CMSIS/Include -I../Drivers/CMSIS/Device/ST/STM32F0xx/Include -I../Drivers/STM32F0xx_HAL_Driver/Inc -O0 -ffunction-sections -fdata-sections -g -fstack-usage -Wall -specs=nano.specs -o src\system_stm32f0xx.o 
arm-atollic-eabi-gcc -o RK2_ADC_CHANGE_LED_PROPERTIES.elf src\main.o src\startup_stm32f051x8.o src\system_stm32f0xx.o src\tiny_printf.o -mthumb -mcpu=cortex-m0 -T../stm32_flash.ld -specs=nosys.specs -static -Wl,-cref,-u,Reset_Handler -Wl,-Map=RK2_ADC_CHANGE_LED_PROPERTIES.map -Wl,--gc-sections -Wl,--defsym=malloc_getpagesize_P=0x80 -Wl,--start-group -lc -lm -Wl,--end-group -specs=nano.specs 
C:\Program Files (x86)\Atollic\TrueSTUDIO for STM32 9.3.0\ide\jre\bin\java -jar C:\Program Files (x86)\Atollic\TrueSTUDIO for STM32 9.3.0\Tools\arm-atollic-reports.jar sizeinfo list RK2_ADC_CHANGE_LED_PROPERTIES.elf 
Generate build reports...
Print size information
   text	   data	    bss	    dec	    hex	filename
    600	      8	    156	    764	    2fc	RK2_ADC_CHANGE_LED_PROPERTIES.elf
Print size information done
Generate listing file
Output sent to: RK2_ADC_CHANGE_LED_PROPERTIES.list
Generate listing file done
Generate build reports done

02:41:01 Build Finished (took 1s.263ms)

